// Jest Snapshot v1, https://goo.gl/fbAQLP

exports[`printer snapshot: TOP 3 format is stable 1`] = `
"
━━━━━━━━━━━━━━━━━━━━━━━━━━━━━━━━━━
 🚨 TOP 3 FAILURE RISKS (ZeroHour) 
━━━━━━━━━━━━━━━━━━━━━━━━━━━━━━━━━━

#1 Missing input validation on public API
File: src/api/users.js:42

Why this matters:
• Invalid input can reach business logic.
• Business impact: Data integrity

Failure scenario:
An attacker or bug sends invalid input to the API; it reaches business logic and causes a crash or corrupt state.

Fix now:
✔ Add server-side validation (schema/zod/joi) for all request body, params, and query.
✔ Reject invalid input with 400 before business logic.

Confidence: High

#2 Hardcoded or plaintext secrets
File: config/secrets.js:1

Why this matters:
• Invalid input can reach business logic.
• Business impact: Data integrity

Failure scenario:
Secrets are read from code or config; credentials are compromised (repo, build, or runtime).

Fix now:
✔ Remove secrets from source; use env vars or a secret manager.
✔ Add the file to .gitignore and rotate any exposed credentials.

Confidence: High

#3 Missing global error handler
File: server.js:100

Why this matters:
• Invalid input can reach business logic.
• Business impact: Data integrity

Failure scenario:
An uncaught error in a request handler crashes the server or leaks stack traces.

Fix now:
✔ Register a global error middleware (e.g. 4-arg (err, req, res, next)).
✔ Log and return a generic 500 without stack to clients.

Confidence: High
"
`;
